­ƒº¬ Starting Dynamic Parser Test...
{"level":30,"time":1767440291010,"pid":12924,"hostname":"DESKTOP-KUMMDC7","msg":"Ô£à Database connected"}
­ƒôØ Inserting fake vehicle: X2000_TEST_MOTO
­ƒöä Initializing parser (loading from DB)...
{"level":30,"time":1767440291016,"pid":12924,"hostname":"DESKTOP-KUMMDC7","msg":"ExactSearchParser: Loading vehicle models from database..."}
{"level":30,"time":1767440291018,"pid":12924,"hostname":"DESKTOP-KUMMDC7","count":41,"msg":"ExactSearchParser: Initialized with models"}
­ƒöÄ Parsing query: "Quero comprar uma X2000_TEST_MOTO 2024"
­ƒôè Result: {
  "model": "X2000_test_moto",
  "year": 2024,
  "yearRange": null,
  "rawQuery": "Quero comprar uma X2000_TEST_MOTO 2024"
}
node.exe : ÔØî FAILURE: Model was NOT recognized.
No linha:1 caractere:1
+ & "C:\Program Files\nodejs/node.exe" "C:\Program Files\nodejs/node_mo ...
+ ~~~~~~~~~~~~~~~~~~~~~~~~~~~~~~~~~~~~~~~~~~~~~~~~~~~~~~~~~~~~~~~~~~~~~
    + CategoryInfo          : NotSpecified: (ÔØî FAILURE: Model was NOT recognized 
   .:String) [], RemoteException
    + FullyQualifiedErrorId : NativeCommandError
 
{"level":20,"time":1767440291018,"pid":12924,"hostname":"DESKTOP-KUMMDC7","query":"Quero comprar uma X2000_TEST_MOTO 2024","result":{"model":"X2000_test_moto","year":2024,"yearRange":null,"rawQuery":"Quero comprar uma X2000_TEST_MOTO 2024"},"msg":"ExactSearchParser: parsed query"}
