src/routes/admin.routes.ts(1444,34): error TS2353: Object literal may only specify known properties, and 'embedding' does not exist in type 'VehicleWhereInput'.
src/services/metrics.service.ts(281,13): error TS2353: Object literal may only specify known properties, and 'embedding' does not exist in type 'VehicleWhereInput'.
src/test-guardrails.ts(103,26): error TS2339: Property 'allowed' does not exist on type 'Promise<GuardrailResult>'.
src/test-guardrails.ts(112,35): error TS2339: Property 'allowed' does not exist on type 'Promise<GuardrailResult>'.
src/test-guardrails.ts(113,16): error TS2339: Property 'reason' does not exist on type 'Promise<GuardrailResult>'.
src/test-guardrails.ts(114,40): error TS2339: Property 'reason' does not exist on type 'Promise<GuardrailResult>'.
src/test-guardrails.ts(118,33): error TS2339: Property 'sanitizedInput' does not exist on type 'Promise<GuardrailResult>'.
src/test-guardrails.ts(119,33): error TS2339: Property 'sanitizedInput' does not exist on type 'Promise<GuardrailResult>'.
src/test-guardrails.ts(121,81): error TS2339: Property 'sanitizedInput' does not exist on type 'Promise<GuardrailResult>'.
src/test-guardrails.ts(198,16): error TS2339: Property 'allowed' does not exist on type 'Promise<GuardrailResult>'.
src/test-guardrails.ts(206,17): error TS2339: Property 'allowed' does not exist on type 'Promise<GuardrailResult>'.
